\BOOKMARK [0][]{section*.1}{\376\377\124\310\134\024\156\350\135\345\172\013\131\047\133\146\133\146\117\115\213\272\145\207\123\237\122\033\140\047\130\360\146\016\124\214\117\177\165\050\147\103\226\120}{}% 1
\BOOKMARK [0][]{ctitle.0}{\376\377\215\350\134\072\136\246\126\152\130\360\116\016\232\330\145\110\121\111\176\244\143\245\123\343\200\046\124\010\123\117\124\014\117\030\123\026\166\204\116\055\140\047\123\237\133\120\221\317\133\120\143\245\123\343\170\024\172\166}{}% 2
\BOOKMARK [0][]{etitle.0}{\376\377\000R\000e\000s\000e\000a\000r\000c\000h\000\040\000o\000n\000\040\000C\000r\000o\000s\000s\000-\000s\000c\000a\000l\000e\000\040\000N\000o\000i\000s\000e\000\040\000a\000n\000d\000\040\000C\000o\000l\000l\000a\000b\000o\000r\000a\000t\000i\000v\000e\000\040\000O\000p\000t\000i\000m\000i\000z\000a\000t\000i\000o\000n\000\040\000o\000f\000\040\000E\000f\000f\000i\000c\000i\000e\000n\000t\000\040\000F\000i\000b\000e\000r\000\040\000I\000n\000t\000e\000r\000f\000a\000c\000e\000\040\000C\000o\000u\000p\000l\000i\000n\000g\000\040\000i\000n\000\040\000N\000e\000u\000t\000r\000a\000l\000\040\000A\000t\000o\000m\000\040\000Q\000u\000a\000n\000t\000u\000m\000\040\000I\000n\000t\000e\000r\000f\000a\000c\000e}{}% 3
\BOOKMARK [0][]{section*.5}{\376\377\144\130\000\040\211\201}{}% 4
\BOOKMARK [0][]{section*.7}{\376\377\000A\000b\000s\000t\000r\000a\000c\000t}{}% 5
\BOOKMARK [0][]{ccontent.0}{\376\377\166\356\000\040\137\125}{}% 6
\BOOKMARK [0][]{section*.11}{\376\377\143\322\126\376\175\042\137\025}{}% 7
\BOOKMARK [0][]{section*.13}{\376\377\210\150\150\074\175\042\137\025}{}% 8
\BOOKMARK [0][]{chapter.1}{\376\377\173\054\0001\172\340\000\040\176\352\213\272}{}% 9
\BOOKMARK [1][-]{section.1.1}{\376\377\0001\000.\0001\000\040\170\024\172\166\200\314\146\157}{chapter.1}% 10
\BOOKMARK [2][-]{subsection.1.1.1}{\376\377\0001\000.\0001\000.\0001\000\040\221\317\133\120\143\245\123\343\166\204\121\205\155\265\377\032\142\212\040\034\230\336\210\114\153\324\162\171\040\035\143\245\121\145\040\034\131\004\164\006\202\202\160\271\040\035}{section.1.1}% 11
\BOOKMARK [2][-]{subsection.1.1.2}{\376\377\0001\000.\0001\000.\0002\000\040\116\055\140\047\123\237\133\120\221\317\133\120\213\241\173\227\117\123\174\373\377\032\211\304\152\041\123\026\116\016\177\121\176\334\123\026\166\204\123\314\221\315\232\161\122\250}{section.1.1}% 12
\BOOKMARK [2][-]{subsection.1.1.3}{\376\377\0001\000.\0001\000.\0003\000\040\142\212\221\315\137\303\145\066\145\133\122\060\116\055\140\047\123\237\133\120\131\004\164\006\202\202\160\271\166\204\121\111\133\120\040\024\123\237\133\120\221\317\133\120\143\245\123\343}{section.1.1}% 13
\BOOKMARK [2][-]{subsection.1.1.4}{\376\377\0001\000.\0001\000.\0004\000\040\121\163\225\056\164\366\230\210\377\032\143\245\123\343\040\034\172\357\122\060\172\357\123\357\165\050\140\047\040\035\166\204\174\373\176\337\176\247\165\333\160\271}{section.1.1}% 14
\BOOKMARK [2][-]{subsection.1.1.5}{\376\377\0001\000.\0001\000.\0005\000\040\116\072\116\300\116\110\227\000\211\201\173\054\116\000\140\047\123\237\164\006\172\357\122\060\172\357\116\377\167\037\377\032\116\316\040\034\176\317\232\214\214\003\123\302\040\035\215\160\124\021\040\034\123\357\211\343\221\312\117\030\123\026\040\035}{section.1.1}% 15
\BOOKMARK [1][-]{section.1.2}{\376\377\0001\000.\0002\000\040\147\054\145\207\170\024\172\166\121\205\133\271\060\001\166\356\150\007\116\016\141\017\116\111}{chapter.1}% 16
\BOOKMARK [2][-]{subsection.1.2.1}{\376\377\0001\000.\0002\000.\0001\000\040\170\024\172\166\135\345\117\134\166\204\122\033\145\260\160\271\116\016\164\006\213\272\116\367\120\074}{section.1.2}% 17
\BOOKMARK [1][-]{section.1.3}{\376\377\0001\000.\0003\000\040\213\272\145\207\176\323\147\204\133\211\143\222}{chapter.1}% 18
\BOOKMARK [0][]{chapter.2}{\376\377\173\054\0002\172\340\000\040\164\006\213\272\150\106\147\266\116\016\121\163\225\056\162\151\164\006\152\041\127\213}{}% 19
\BOOKMARK [1][-]{section.2.1}{\376\377\0002\000.\0001\000\040\121\111\133\120\040\023\123\237\133\120\221\317\133\120\143\245\123\343\127\372\147\054\123\237\164\006}{chapter.2}% 20
\BOOKMARK [2][-]{subsection.2.1.1}{\376\377\0002\000.\0001\000.\0001\000\040\162\151\164\006\200\314\146\157}{section.2.1}% 21
\BOOKMARK [2][-]{subsection.2.1.2}{\376\377\0002\000.\0001\000.\0002\000\040\143\245\123\343\135\345\117\134\147\072\122\066}{section.2.1}% 22
\BOOKMARK [1][-]{section.2.2}{\376\377\0002\000.\0002\000\040\215\350\134\072\136\246\126\152\130\360\147\145\156\220\123\312\136\372\152\041}{chapter.2}% 23
\BOOKMARK [2][-]{subsection.2.2.1}{\376\377\0002\000.\0002\000.\0001\000\040\126\152\130\360\122\006\174\173}{section.2.2}% 24
\BOOKMARK [2][-]{subsection.2.2.2}{\376\377\0002\000.\0002\000.\0002\000\040\126\152\130\360\152\041\127\213\147\204\136\372}{section.2.2}% 25
\BOOKMARK [1][-]{section.2.3}{\376\377\0002\000.\0003\000\040\000L\000i\000n\000d\000b\000l\000a\000d\116\073\145\271\172\013\116\016\221\317\133\120\174\373\176\337\122\250\122\233\133\146}{chapter.2}% 26
\BOOKMARK [2][-]{subsection.2.3.1}{\376\377\0002\000.\0003\000.\0001\000\040\164\006\213\272\143\250\133\374}{section.2.3}% 27
\BOOKMARK [2][-]{subsection.2.3.2}{\376\377\0002\000.\0003\000.\0002\000\040\152\041\127\213\120\107\213\276\116\016\217\321\117\074}{section.2.3}% 28
\BOOKMARK [1][-]{section.2.4}{\376\377\0002\000.\0004\000\040\121\111\176\244\200\046\124\010\164\006\213\272\116\016\152\041\137\017\123\071\221\115}{chapter.2}% 29
\BOOKMARK [2][-]{subsection.2.4.1}{\376\377\0002\000.\0004\000.\0001\000\040\200\046\124\010\145\110\163\207\164\006\213\272}{section.2.4}% 30
\BOOKMARK [2][-]{subsection.2.4.2}{\376\377\0002\000.\0004\000.\0002\000\040\121\163\225\056\123\302\145\160\213\250\213\272}{section.2.4}% 31
\BOOKMARK [1][-]{section.2.5}{\376\377\0002\000.\0005\000\040\164\006\213\272\230\204\147\037\116\016\152\041\127\213\140\073\176\323}{chapter.2}% 32
\BOOKMARK [2][-]{subsection.2.5.1}{\376\377\0002\000.\0005\000.\0001\000\040\230\204\147\037\176\323\147\234}{section.2.5}% 33
\BOOKMARK [2][-]{subsection.2.5.2}{\376\377\0002\000.\0005\000.\0002\000\040\134\017\176\323}{section.2.5}% 34
\BOOKMARK [0][]{chapter.3}{\376\377\173\054\0003\172\340\000\040\174\373\176\337\213\276\213\241\116\016\145\160\120\074\116\377\167\037\145\271\154\325}{}% 35
\BOOKMARK [1][-]{section.3.1}{\376\377\0003\000.\0001\000\040\133\236\232\214\117\123\174\373\143\317\217\360\116\016\123\302\145\160\170\156\133\232}{chapter.3}% 36
\BOOKMARK [2][-]{subsection.3.1.1}{\376\377\0003\000.\0001\000.\0001\000\040\117\123\174\373\143\317\217\360}{section.3.1}% 37
\BOOKMARK [2][-]{subsection.3.1.2}{\376\377\0003\000.\0001\000.\0002\000\040\123\302\145\160\170\156\133\232}{section.3.1}% 38
\BOOKMARK [1][-]{section.3.2}{\376\377\0003\000.\0002\000\040\131\032\134\072\136\246\126\152\130\360\152\041\127\213\166\204\145\160\120\074\133\236\163\260}{chapter.3}% 39
\BOOKMARK [2][-]{subsection.3.2.1}{\376\377\0003\000.\0002\000.\0001\000\040\171\273\145\143\123\026\145\271\150\110}{section.3.2}% 40
\BOOKMARK [2][-]{subsection.3.2.2}{\376\377\0003\000.\0002\000.\0002\000\040\126\152\130\360\145\160\120\074\152\041\142\337}{section.3.2}% 41
\BOOKMARK [1][-]{section.3.3}{\376\377\0003\000.\0003\000\040\121\111\176\244\200\046\124\010\152\041\142\337\123\312\152\041\137\017\123\071\221\115\213\241\173\227}{chapter.3}% 42
\BOOKMARK [2][-]{subsection.3.3.1}{\376\377\0003\000.\0003\000.\0001\000\040\200\046\124\010\145\110\163\207\116\377\167\037}{section.3.3}% 43
\BOOKMARK [2][-]{subsection.3.3.2}{\376\377\0003\000.\0003\000.\0002\000\040\123\302\145\160\145\117\141\037\140\047\122\006\147\220}{section.3.3}% 44
\BOOKMARK [1][-]{section.3.4}{\376\377\0003\000.\0004\000\040\145\160\143\156\131\004\164\006\116\016\213\357\135\356\122\006\147\220}{chapter.3}% 45
\BOOKMARK [2][-]{subsection.3.4.1}{\376\377\0003\000.\0004\000.\0001\000\040\145\160\143\156\213\260\137\125}{section.3.4}% 46
\BOOKMARK [2][-]{subsection.3.4.2}{\376\377\0003\000.\0004\000.\0002\000\040\213\357\135\356\116\016\145\066\145\133\140\047\150\300\232\214}{section.3.4}% 47
\BOOKMARK [1][-]{section.3.5}{\376\377\0003\000.\0005\000\040\147\054\172\340\134\017\176\323}{chapter.3}% 48
\BOOKMARK [0][]{chapter.4}{\376\377\173\054\0004\172\340\000\040\145\160\120\074\116\377\167\037\176\323\147\234\116\016\133\236\232\214\145\160\143\156\153\324\133\371}{}% 49
\BOOKMARK [1][-]{section.4.1}{\376\377\0004\000.\0001\000\040\116\377\167\037\176\323\147\234\134\125\171\072}{chapter.4}% 50
\BOOKMARK [2][-]{subsection.4.1.1}{\376\377\0004\000.\0001\000.\0001\000\040\137\256\211\302\126\152\130\360\145\110\147\234}{section.4.1}% 51
\BOOKMARK [2][-]{subsection.4.1.2}{\376\377\0004\000.\0001\000.\0002\000\040\116\055\211\302\126\152\130\360\145\110\147\234}{section.4.1}% 52
\BOOKMARK [2][-]{subsection.4.1.3}{\376\377\0004\000.\0001\000.\0003\000\040\133\217\211\302\126\152\130\360\137\161\124\315}{section.4.1}% 53
\BOOKMARK [1][-]{section.4.2}{\376\377\0004\000.\0002\000\040\121\111\176\244\200\046\124\010\145\110\163\207\116\377\167\037}{chapter.4}% 54
\BOOKMARK [2][-]{subsection.4.2.1}{\376\377\0004\000.\0002\000.\0001\000\040\164\006\140\363\200\046\124\010\145\110\163\207\230\204\155\113}{section.4.2}% 55
\BOOKMARK [2][-]{subsection.4.2.2}{\376\377\0004\000.\0002\000.\0002\000\040\133\371\121\306\116\016\152\041\137\017\123\071\221\115\137\161\124\315}{section.4.2}% 56
\BOOKMARK [1][-]{section.4.3}{\376\377\0004\000.\0003\000\040\133\236\232\214\145\160\143\156\173\200\116\313}{chapter.4}% 57
\BOOKMARK [2][-]{subsection.4.3.1}{\376\377\0004\000.\0003\000.\0001\000\040\133\236\232\214\174\373\176\337\143\317\217\360}{section.4.3}% 58
\BOOKMARK [2][-]{subsection.4.3.2}{\376\377\0004\000.\0003\000.\0002\000\040\155\113\221\317\145\271\154\325}{section.4.3}% 59
\BOOKMARK [1][-]{section.4.4}{\376\377\0004\000.\0004\000\040\116\377\167\037\116\016\133\236\232\214\145\160\143\156\153\324\133\371}{chapter.4}% 60
\BOOKMARK [2][-]{subsection.4.4.1}{\376\377\0004\000.\0004\000.\0001\000\040\200\046\124\010\145\110\163\207\153\324\133\371}{section.4.4}% 61
\BOOKMARK [2][-]{subsection.4.4.2}{\376\377\0004\000.\0004\000.\0002\000\040\221\317\133\120\140\001\117\335\167\037\136\246\116\016\220\000\166\370\136\162\153\324\217\203}{section.4.4}% 62
\BOOKMARK [2][-]{subsection.4.4.3}{\376\377\0004\000.\0004\000.\0003\000\040\176\374\124\010\213\250\213\272}{section.4.4}% 63
\BOOKMARK [1][-]{section.4.5}{\376\377\0004\000.\0005\000\040\147\054\172\340\134\017\176\323}{chapter.4}% 64
\BOOKMARK [0][]{chapter.5}{\376\377\173\054\0005\172\340\000\040\133\236\232\214\123\302\145\160\117\030\123\026\116\016\145\071\217\333\173\126\165\145}{}% 65
\BOOKMARK [1][-]{section.5.1}{\376\377\0005\000.\0001\000\040\121\111\176\244\200\046\124\010\117\030\123\026\173\126\165\145}{chapter.5}% 66
\BOOKMARK [2][-]{subsection.5.1.1}{\376\377\0005\000.\0001\000.\0001\000\040\121\163\225\056\123\302\145\160\145\117\141\037\140\047\122\006\147\220\126\336\230\176}{section.5.1}% 67
\BOOKMARK [2][-]{subsection.5.1.2}{\376\377\0005\000.\0001\000.\0002\000\040\117\030\123\026\145\271\150\110\143\320\121\372}{section.5.1}% 68
\BOOKMARK [2][-]{subsection.5.1.3}{\376\377\0005\000.\0001\000.\0003\000\040\117\030\123\026\143\252\145\275\166\204\145\160\120\074\116\377\167\037\232\214\213\301}{section.5.1}% 69
\BOOKMARK [1][-]{section.5.2}{\376\377\0005\000.\0002\000\040\126\152\130\360\173\241\164\006\116\016\142\221\122\066\173\126\165\145}{chapter.5}% 70
\BOOKMARK [2][-]{subsection.5.2.1}{\376\377\0005\000.\0002\000.\0001\000\040\157\300\121\111\126\152\130\360\143\247\122\066}{section.5.2}% 71
\BOOKMARK [2][-]{subsection.5.2.2}{\376\377\0005\000.\0002\000.\0002\000\040\163\257\130\203\126\152\130\360\116\016\147\072\150\260\143\057\122\250\143\247\122\066}{section.5.2}% 72
\BOOKMARK [2][-]{subsection.5.2.3}{\376\377\0005\000.\0002\000.\0003\000\040\176\374\124\010\126\152\130\360\173\241\164\006\145\110\147\234}{section.5.2}% 73
\BOOKMARK [1][-]{section.5.3}{\376\377\0005\000.\0003\000\040\133\236\232\214\123\302\145\160\117\030\123\026\116\016\133\236\145\275\136\372\213\256}{chapter.5}% 74
\BOOKMARK [2][-]{subsection.5.3.1}{\376\377\0005\000.\0003\000.\0001\000\040\123\302\145\160\117\030\123\026\176\306\202\202}{section.5.3}% 75
\BOOKMARK [2][-]{subsection.5.3.2}{\376\377\0005\000.\0003\000.\0002\000\040\133\236\232\214\210\305\177\156\123\107\176\247\145\271\150\110}{section.5.3}% 76
\BOOKMARK [2][-]{subsection.5.3.3}{\376\377\0005\000.\0003\000.\0003\000\040\147\052\147\145\142\151\134\125\116\016\123\357\221\315\131\015\140\047}{section.5.3}% 77
\BOOKMARK [1][-]{section.5.4}{\376\377\0005\000.\0004\000\040\147\054\172\340\134\017\176\323}{chapter.5}% 78
\BOOKMARK [0][]{chapter.6}{\376\377\173\054\0006\172\340\000\040\176\323\213\272\116\016\147\052\147\145\134\125\147\033}{}% 79
\BOOKMARK [1][-]{section.6.1}{\376\377\0006\000.\0001\000\040\121\150\145\207\140\073\176\323}{chapter.6}% 80
\BOOKMARK [2][-]{subsection.6.1.1}{\376\377\0006\000.\0001\000.\0001\000\040\170\024\172\166\135\345\117\134\126\336\230\176}{section.6.1}% 81
\BOOKMARK [2][-]{subsection.6.1.2}{\376\377\0006\000.\0001\000.\0002\000\040\116\073\211\201\142\020\147\234\140\073\176\323}{section.6.1}% 82
\BOOKMARK [1][-]{section.6.2}{\376\377\0006\000.\0002\000\040\170\024\172\166\215\041\163\056\116\016\141\017\116\111}{chapter.6}% 83
\BOOKMARK [1][-]{section.6.3}{\376\377\0006\000.\0003\000\040\147\052\147\145\170\024\172\166\145\271\124\021}{chapter.6}% 84
\BOOKMARK [0][]{section*.21}{\376\377\176\323\000\040\213\272}{}% 85
\BOOKMARK [0][]{section*.24}{\376\377\123\302\200\003\145\207\163\056}{}% 86
\BOOKMARK [0][]{section*.26}{\376\377\124\310\134\024\156\350\135\345\172\013\131\047\133\146\133\146\117\115\213\272\145\207\123\237\122\033\140\047\130\360\146\016\124\214\117\177\165\050\147\103\226\120}{}% 87
\BOOKMARK [0][]{section*.28}{\376\377\201\364\000\040\214\042}{}% 88
\BOOKMARK [0][]{appendix.A}{\376\377\226\104\137\125\000\040\000A\000\040\136\046\172\340\202\202\166\204\226\104\137\125}{}% 89
\BOOKMARK [1][-]{section.A.1}{\376\377\000A\000.\0001\000\040\226\104\137\125\202\202\166\204\121\205\133\271}{appendix.A}% 90
\BOOKMARK [0][]{appendix.B}{\376\377\226\104\137\125\000\040\000B\000\040\217\331\116\052\146\037\164\003\116\012\147\000\131\175\166\204\121\115\215\071\000L\000i\000n\000u\000x\217\157\116\366\122\027\210\150}{}% 91
\BOOKMARK [1][-]{section.B.1}{\376\377\000B\000.\0001\000\040\174\373\176\337}{appendix.B}% 92
\BOOKMARK [2][-]{subsection.B.1.1}{\376\377\000B\000.\0001\000.\0001\000\040\000h\000i\000f\000v\000w\000m\166\204\117\030\160\271}{section.B.1}% 93
\BOOKMARK [1][-]{section.B.2}{\376\377\000B\000.\0002\000\040\121\166\116\326}{appendix.B}% 94
\BOOKMARK [0][]{section*.32}{\376\377\145\073\213\373\170\125\130\353\133\146\117\115\147\037\225\364\123\321\210\150\166\204\213\272\145\207\123\312\121\166\116\326\142\020\147\234}{}% 95
\BOOKMARK [0][]{section*.34}{\376\377\124\310\134\024\156\350\135\345\172\013\131\047\133\146\133\146\117\115\213\272\145\207\123\237\122\033\140\047\130\360\146\016\124\214\117\177\165\050\147\103\226\120}{}% 96
